// Jest Snapshot v1, https://goo.gl/fbAQLP

exports[`UserListShortItem Render correctly with user data 1`] = `
<li
  className="MuiButtonBase-root-11 MuiListItem-root-1 MuiListItem-gutters-8 MuiListItem-button-9 MuiListItem-default-4"
  disabled={false}
  onBlur={[Function]}
  onFocus={[Function]}
  onKeyDown={[Function]}
  onKeyUp={[Function]}
  onMouseDown={[Function]}
  onMouseLeave={[Function]}
  onMouseUp={[Function]}
  onTouchEnd={[Function]}
  onTouchMove={[Function]}
  onTouchStart={[Function]}
  role="button"
  tabIndex={0}
>
  <div
    className="MuiAvatar-root-13 MuiAvatar-colorDefault-14"
  >
    <img
      alt="thumb"
      src="https://randomuser.me/api/portraits/thumb/men/43.jpg"
    />
  </div>
  <div
    className="MuiListItemText-root-16"
  >
    <h3
      className="MuiTypography-root-21 MuiTypography-subheading-28 MuiListItemText-text-19"
    >
      babür duygulu
    </h3>
    <p
      className="MuiTypography-root-21 MuiTypography-body1-30 MuiTypography-colorSecondary-42 MuiListItemText-text-19"
    >
      babür.duygulu@example.com
    </p>
  </div>
  <span
    className="MuiTouchRipple-root-45"
  />
</li>
`;
